

HI-TECH Software 8051 Macro Assembler V9.60                                Page 1
                                                       Tue Mar 21 13:26:50 2023

     1                           	psect	idata,class=DATA,space=1,limit=080h
     2                           	psect	irdata,class=DATA,limit=080h
     3                           	global	_main
     4                           	signat	_main,88
     5                           	global	stack_internal
     6                           	psect	text,class=CODE
     7                           	psect	text
     8                           	file	"G:\ÖÓÈÌÏ(~1\ÏÐÀÊÒÈÊÀ\3ÏÐÀÊÒ~1\8051\projec
                                 t1\main.c"
     9                           	line	3
    10  0000'                    _main:
    11  0000' 02 0296'           	j	f1411
    12  0003'                    f1410:
    13                           ;main.c: 2: void main()
    14                           
    15                           ;main.c: 3: {
    16                           
    17                           ;	var   _i assigned to ?a_main+0
    18                           ;main.c: 4: unsigned int i = 0, k = 0;
    19                           
    20                           	line	4
    21  0003' E4                 	clr	a
    22  0004' F5 00'             	mov	?a_main+0,a
    23  0006' F5 01'             	mov	?a_main+0+1,a
    24                           ;	var   _k assigned to ?a_main+2
    25  0008' E4                 	clr	a
    26  0009' F5 02'             	mov	?a_main+2,a
    27  000B' F5 03'             	mov	?a_main+2+1,a
    28                           ;main.c: 6: while(1)
    29                           
    30                           	line	6
    31  000D'                    l4:
    32                           ;main.c: 7: {
    33                           
    34                           ;main.c: 8: k = i;
    35                           
    36                           	line	8
    37  000D' 85 00' 02'         	mov	?a_main+2,?a_main+0
    38  0010' 85 01' 03'         	mov	?a_main+2+1,?a_main+0+1
    39                           ;main.c: 10: while(k != 0)
    40                           
    41                           	line	10
    42  0013' 02 0261'           	jmp	l6
    43  0016'                    l7:
    44                           ;main.c: 11: {
    45                           
    46                           ;main.c: 12: if(k >= 25){ P0 = 0x00; P2 = 0x3; P
                                 2 = 0x2;}
    47                           
    48                           	line	12
    49  0016' E5 03'             	mov	a,?a_main+2+1
    50  0018' 24 E7              	add	a,#low -(25)
    51  001A' E5 02'             	mov	a,?a_main+2
    52  001C' 34 FF              	addc	a,#high -(25)
    53  001E' 50 02              	bnc	u11
    54  0020' 80 02              	jmp	u10
    55  0022'                    u11:
    56  0022' 80 09              	jmp	l9
    57  0024'                    u10:
    58  0024' 75 80 00           	mov	080h,#0
    59  0027' 75 A0 03           	mov	0A0h,#3
    60  002A' 75 A0 02           	mov	0A0h,#2
    61  002D'                    l9:
    62                           ;main.c: 13: if(k == 24){ P0 = 0xAE; P2 = 0x3; P
                                 2 = 0x2;}
    63                           
    64                           	line	13
    65  002D' E5 03'             	mov	a,?a_main+2+1
    66  002F' B4 18 07           	cbne	a,#low (24),u21
    67  0032' E5 02'             	mov	a,?a_main+2
    68  0034' B4 00 02           	cbne	a,#high (24),u21
    69  0037' 80 02              	jmp	u20
    70  0039'                    u21:
    71  0039' 80 09              	jmp	l10
    72  003B'                    u20:
    73  003B' 75 80 AE           	mov	080h,#174
    74  003E' 75 A0 03           	mov	0A0h,#3
    75  0041' 75 A0 02           	mov	0A0h,#2
    76  0044'                    l10:
    77                           ;main.c: 14: if(k == 23){ P0 = 0xA9; P2 = 0x3; P
                                 2 = 0x2;}
    78                           
    79                           	line	14
    80  0044' E5 03'             	mov	a,?a_main+2+1
    81  0046' B4 17 07           	cbne	a,#low (23),u31
    82  0049' E5 02'             	mov	a,?a_main+2
    83  004B' B4 00 02           	cbne	a,#high (23),u31
    84  004E' 80 02              	jmp	u30
    85  0050'                    u31:
    86  0050' 80 09              	jmp	l11
    87  0052'                    u30:
    88  0052' 75 80 A9           	mov	080h,#169
    89  0055' 75 A0 03           	mov	0A0h,#3
    90  0058' 75 A0 02           	mov	0A0h,#2
    91  005B'                    l11:
    92                           ;main.c: 15: if(k == 22){ P0 = 0xAB; P2 = 0x3; P
                                 2 = 0x2;}
    93                           
    94                           	line	15
    95  005B' E5 03'             	mov	a,?a_main+2+1
    96  005D' B4 16 07           	cbne	a,#low (22),u41
    97  0060' E5 02'             	mov	a,?a_main+2
    98  0062' B4 00 02           	cbne	a,#high (22),u41
    99  0065' 80 02              	jmp	u40
   100  0067'                    u41:
   101  0067' 80 09              	jmp	l12
   102  0069'                    u40:
   103  0069' 75 80 AB           	mov	080h,#171
   104  006C' 75 A0 03           	mov	0A0h,#3
   105  006F' 75 A0 02           	mov	0A0h,#2
   106  0072'                    l12:
   107                           ;main.c: 16: if(k == 21){ P0 = 0xB4; P2 = 0x3; P
                                 2 = 0x2;}
   108                           
   109                           	line	16
   110  0072' E5 03'             	mov	a,?a_main+2+1
   111  0074' B4 15 07           	cbne	a,#low (21),u51
   112  0077' E5 02'             	mov	a,?a_main+2
   113  0079' B4 00 02           	cbne	a,#high (21),u51
   114  007C' 80 02              	jmp	u50
   115  007E'                    u51:
   116  007E' 80 09              	jmp	l13
   117  0080'                    u50:
   118  0080' 75 80 B4           	mov	080h,#180
   119  0083' 75 A0 03           	mov	0A0h,#3
   120  0086' 75 A0 02           	mov	0A0h,#2
   121  0089'                    l13:
   122                           ;main.c: 17: if(k == 20){ P0 = 0xAC; P2 = 0x3; P
                                 2 = 0x2;}
   123                           
   124                           	line	17
   125  0089' E5 03'             	mov	a,?a_main+2+1
   126  008B' B4 14 07           	cbne	a,#low (20),u61
   127  008E' E5 02'             	mov	a,?a_main+2
   128  0090' B4 00 02           	cbne	a,#high (20),u61
   129  0093' 80 02              	jmp	u60
   130  0095'                    u61:
   131  0095' 80 09              	jmp	l14
   132  0097'                    u60:
   133  0097' 75 80 AC           	mov	080h,#172
   134  009A' 75 A0 03           	mov	0A0h,#3
   135  009D' 75 A0 02           	mov	0A0h,#2
   136  00A0'                    l14:
   137                           ;main.c: 18: if(k == 19){ P0 = 0xA9; P2 = 0x3; P
                                 2 = 0x2;}
   138                           
   139                           	line	18
   140  00A0' E5 03'             	mov	a,?a_main+2+1
   141  00A2' B4 13 07           	cbne	a,#low (19),u71
   142  00A5' E5 02'             	mov	a,?a_main+2
   143  00A7' B4 00 02           	cbne	a,#high (19),u71
   144  00AA' 80 02              	jmp	u70
   145  00AC'                    u71:
   146  00AC' 80 09              	jmp	l15
   147  00AE'                    u70:
   148  00AE' 75 80 A9           	mov	080h,#169
   149  00B1' 75 A0 03           	mov	0A0h,#3
   150  00B4' 75 A0 02           	mov	0A0h,#2
   151  00B7'                    l15:
   152                           ;main.c: 19: if(k == 18){ P0 = 0xAE; P2 = 0x3; P
                                 2 = 0x2;}
   153                           
   154                           	line	19
   155  00B7' E5 03'             	mov	a,?a_main+2+1
   156  00B9' B4 12 07           	cbne	a,#low (18),u81
   157  00BC' E5 02'             	mov	a,?a_main+2
   158  00BE' B4 00 02           	cbne	a,#high (18),u81
   159  00C1' 80 02              	jmp	u80
   160  00C3'                    u81:
   161  00C3' 80 09              	jmp	l16
   162  00C5'                    u80:
   163  00C5' 75 80 AE           	mov	080h,#174
   164  00C8' 75 A0 03           	mov	0A0h,#3
   165  00CB' 75 A0 02           	mov	0A0h,#2
   166  00CE'                    l16:
   167                           ;main.c: 20: if(k == 17){ P0 = 0x00; P2 = 0x3; P
                                 2 = 0x2;}
   168                           
   169                           	line	20
   170  00CE' E5 03'             	mov	a,?a_main+2+1
   171  00D0' B4 11 07           	cbne	a,#low (17),u91
   172  00D3' E5 02'             	mov	a,?a_main+2
   173  00D5' B4 00 02           	cbne	a,#high (17),u91
   174  00D8' 80 02              	jmp	u90
   175  00DA'                    u91:
   176  00DA' 80 09              	jmp	l17
   177  00DC'                    u90:
   178  00DC' 75 80 00           	mov	080h,#0
   179  00DF' 75 A0 03           	mov	0A0h,#3
   180  00E2' 75 A0 02           	mov	0A0h,#2
   181  00E5'                    l17:
   182                           ;main.c: 21: if(k == 16){ P0 = 0xA0; P2 = 0x3; P
                                 2 = 0x2;}
   183                           
   184                           	line	21
   185  00E5' E5 03'             	mov	a,?a_main+2+1
   186  00E7' B4 10 07           	cbne	a,#low (16),u101
   187  00EA' E5 02'             	mov	a,?a_main+2
   188  00EC' B4 00 02           	cbne	a,#high (16),u101
   189  00EF' 80 02              	jmp	u100
   190  00F1'                    u101:
   191  00F1' 80 09              	jmp	l18
   192  00F3'                    u100:
   193  00F3' 75 80 A0           	mov	080h,#160
   194  00F6' 75 A0 03           	mov	0A0h,#3
   195  00F9' 75 A0 02           	mov	0A0h,#2
   196  00FC'                    l18:
   197                           ;main.c: 22: if(k == 15){ P0 = 0xAC; P2 = 0x3; P
                                 2 = 0x2;}
   198                           
   199                           	line	22
   200  00FC' E5 03'             	mov	a,?a_main+2+1
   201  00FE' B4 0F 07           	cbne	a,#low (15),u111
   202  0101' E5 02'             	mov	a,?a_main+2
   203  0103' B4 00 02           	cbne	a,#high (15),u111
   204  0106' 80 02              	jmp	u110
   205  0108'                    u111:
   206  0108' 80 09              	jmp	l19
   207  010A'                    u110:
   208  010A' 75 80 AC           	mov	080h,#172
   209  010D' 75 A0 03           	mov	0A0h,#3
   210  0110' 75 A0 02           	mov	0A0h,#2
   211  0113'                    l19:
   212                           ;main.c: 23: if(k == 14){ P0 = 0xA5; P2 = 0x3; P
                                 2 = 0x2;}
   213                           
   214                           	line	23
   215  0113' E5 03'             	mov	a,?a_main+2+1
   216  0115' B4 0E 07           	cbne	a,#low (14),u121
   217  0118' E5 02'             	mov	a,?a_main+2
   218  011A' B4 00 02           	cbne	a,#high (14),u121
   219  011D' 80 02              	jmp	u120
   220  011F'                    u121:
   221  011F' 80 09              	jmp	l20
   222  0121'                    u120:
   223  0121' 75 80 A5           	mov	080h,#165
   224  0124' 75 A0 03           	mov	0A0h,#3
   225  0127' 75 A0 02           	mov	0A0h,#2
   226  012A'                    l20:
   227                           ;main.c: 24: if(k == 13){ P0 = 0xAB; P2 = 0x3; P
                                 2 = 0x2;}
   228                           
   229                           	line	24
   230  012A' E5 03'             	mov	a,?a_main+2+1
   231  012C' B4 0D 07           	cbne	a,#low (13),u131
   232  012F' E5 02'             	mov	a,?a_main+2
   233  0131' B4 00 02           	cbne	a,#high (13),u131
   234  0134' 80 02              	jmp	u130
   235  0136'                    u131:
   236  0136' 80 09              	jmp	l21
   237  0138'                    u130:
   238  0138' 75 80 AB           	mov	080h,#171
   239  013B' 75 A0 03           	mov	0A0h,#3
   240  013E' 75 A0 02           	mov	0A0h,#2
   241  0141'                    l21:
   242                           ;main.c: 25: if(k == 12){ P0 = 0xB2; P2 = 0x3; P
                                 2 = 0x2;}
   243                           
   244                           	line	25
   245  0141' E5 03'             	mov	a,?a_main+2+1
   246  0143' B4 0C 07           	cbne	a,#low (12),u141
   247  0146' E5 02'             	mov	a,?a_main+2
   248  0148' B4 00 02           	cbne	a,#high (12),u141
   249  014B' 80 02              	jmp	u140
   250  014D'                    u141:
   251  014D' 80 09              	jmp	l22
   252  014F'                    u140:
   253  014F' 75 80 B2           	mov	080h,#178
   254  0152' 75 A0 03           	mov	0A0h,#3
   255  0155' 75 A0 02           	mov	0A0h,#2
   256  0158'                    l22:
   257                           ;main.c: 26: if(k == 11){ P0 = 0xA5; P2 = 0x3; P
                                 2 = 0x2;}
   258                           
   259                           	line	26
   260  0158' E5 03'             	mov	a,?a_main+2+1
   261  015A' B4 0B 07           	cbne	a,#low (11),u151
   262  015D' E5 02'             	mov	a,?a_main+2
   263  015F' B4 00 02           	cbne	a,#high (11),u151
   264  0162' 80 02              	jmp	u150
   265  0164'                    u151:
   266  0164' 80 09              	jmp	l23
   267  0166'                    u150:
   268  0166' 75 80 A5           	mov	080h,#165
   269  0169' 75 A0 03           	mov	0A0h,#3
   270  016C' 75 A0 02           	mov	0A0h,#2
   271  016F'                    l23:
   272                           ;main.c: 27: if(k == 10){ P0 = 0xAA; P2 = 0x3; P
                                 2 = 0x2;}
   273                           
   274                           	line	27
   275  016F' E5 03'             	mov	a,?a_main+2+1
   276  0171' B4 0A 07           	cbne	a,#low (10),u161
   277  0174' E5 02'             	mov	a,?a_main+2
   278  0176' B4 00 02           	cbne	a,#high (10),u161
   279  0179' 80 02              	jmp	u160
   280  017B'                    u161:
   281  017B' 80 09              	jmp	l24
   282  017D'                    u160:
   283  017D' 75 80 AA           	mov	080h,#170
   284  0180' 75 A0 03           	mov	0A0h,#3
   285  0183' 75 A0 02           	mov	0A0h,#2
   286  0186'                    l24:
   287                           ;main.c: 28: if(k == 9){ P0 = 0x00; P2 = 0x3; P2
                                  = 0x2;}
   288                           
   289                           	line	28
   290  0186' E5 03'             	mov	a,?a_main+2+1
   291  0188' B4 09 07           	cbne	a,#low (9),u171
   292  018B' E5 02'             	mov	a,?a_main+2
   293  018D' B4 00 02           	cbne	a,#high (9),u171
   294  0190' 80 02              	jmp	u170
   295  0192'                    u171:
   296  0192' 80 09              	jmp	l25
   297  0194'                    u170:
   298  0194' 75 80 00           	mov	080h,#0
   299  0197' 75 A0 03           	mov	0A0h,#3
   300  019A' 75 A0 02           	mov	0A0h,#2
   301  019D'                    l25:
   302                           ;main.c: 29: if(k == 8){ P0 = 0xA0; P2 = 0x3; P2
                                  = 0x2;}
   303                           
   304                           	line	29
   305  019D' E5 03'             	mov	a,?a_main+2+1
   306  019F' B4 08 07           	cbne	a,#low (8),u181
   307  01A2' E5 02'             	mov	a,?a_main+2
   308  01A4' B4 00 02           	cbne	a,#high (8),u181
   309  01A7' 80 02              	jmp	u180
   310  01A9'                    u181:
   311  01A9' 80 09              	jmp	l26
   312  01AB'                    u180:
   313  01AB' 75 80 A0           	mov	080h,#160
   314  01AE' 75 A0 03           	mov	0A0h,#3
   315  01B1' 75 A0 02           	mov	0A0h,#2
   316  01B4'                    l26:
   317                           ;main.c: 30: if(k == 7){ P0 = 0xAE; P2 = 0x3; P2
                                  = 0x2;}
   318                           
   319                           	line	30
   320  01B4' E5 03'             	mov	a,?a_main+2+1
   321  01B6' B4 07 07           	cbne	a,#low (7),u191
   322  01B9' E5 02'             	mov	a,?a_main+2
   323  01BB' B4 00 02           	cbne	a,#high (7),u191
   324  01BE' 80 02              	jmp	u190
   325  01C0'                    u191:
   326  01C0' 80 09              	jmp	l27
   327  01C2'                    u190:
   328  01C2' 75 80 AE           	mov	080h,#174
   329  01C5' 75 A0 03           	mov	0A0h,#3
   330  01C8' 75 A0 02           	mov	0A0h,#2
   331  01CB'                    l27:
   332                           ;main.c: 31: if(k == 6){ P0 = 0xA4; P2 = 0x3; P2
                                  = 0x2;}
   333                           
   334                           	line	31
   335  01CB' E5 03'             	mov	a,?a_main+2+1
   336  01CD' B4 06 07           	cbne	a,#low (6),u201
   337  01D0' E5 02'             	mov	a,?a_main+2
   338  01D2' B4 00 02           	cbne	a,#high (6),u201
   339  01D5' 80 02              	jmp	u200
   340  01D7'                    u201:
   341  01D7' 80 09              	jmp	l28
   342  01D9'                    u200:
   343  01D9' 75 80 A4           	mov	080h,#164
   344  01DC' 75 A0 03           	mov	0A0h,#3
   345  01DF' 75 A0 02           	mov	0A0h,#2
   346  01E2'                    l28:
   347                           ;main.c: 32: if(k == 5){ P0 = 0xB1; P2 = 0x3; P2
                                  = 0x2;}
   348                           
   349                           	line	32
   350  01E2' E5 03'             	mov	a,?a_main+2+1
   351  01E4' B4 05 07           	cbne	a,#low (5),u211
   352  01E7' E5 02'             	mov	a,?a_main+2
   353  01E9' B4 00 02           	cbne	a,#high (5),u211
   354  01EC' 80 02              	jmp	u210
   355  01EE'                    u211:
   356  01EE' 80 09              	jmp	l29
   357  01F0'                    u210:
   358  01F0' 75 80 B1           	mov	080h,#177
   359  01F3' 75 A0 03           	mov	0A0h,#3
   360  01F6' 75 A0 02           	mov	0A0h,#2
   361  01F9'                    l29:
   362                           ;main.c: 33: if(k == 4){ P0 = 0xA5; P2 = 0x3; P2
                                  = 0x2;}
   363                           
   364                           	line	33
   365  01F9' E5 03'             	mov	a,?a_main+2+1
   366  01FB' B4 04 07           	cbne	a,#low (4),u221
   367  01FE' E5 02'             	mov	a,?a_main+2
   368  0200' B4 00 02           	cbne	a,#high (4),u221
   369  0203' 80 02              	jmp	u220
   370  0205'                    u221:
   371  0205' 80 09              	jmp	l30
   372  0207'                    u220:
   373  0207' 75 80 A5           	mov	080h,#165
   374  020A' 75 A0 03           	mov	0A0h,#3
   375  020D' 75 A0 02           	mov	0A0h,#2
   376  0210'                    l30:
   377                           ;main.c: 34: if(k == 3){ P0 = 0xA2; P2 = 0x3; P2
                                  = 0x2;}
   378                           
   379                           	line	34
   380  0210' E5 03'             	mov	a,?a_main+2+1
   381  0212' B4 03 07           	cbne	a,#low (3),u231
   382  0215' E5 02'             	mov	a,?a_main+2
   383  0217' B4 00 02           	cbne	a,#high (3),u231
   384  021A' 80 02              	jmp	u230
   385  021C'                    u231:
   386  021C' 80 09              	jmp	l31
   387  021E'                    u230:
   388  021E' 75 80 A2           	mov	080h,#162
   389  0221' 75 A0 03           	mov	0A0h,#3
   390  0224' 75 A0 02           	mov	0A0h,#2
   391  0227'                    l31:
   392                           ;main.c: 35: if(k == 2){ P0 = 0xA9; P2 = 0x3; P2
                                  = 0x2;}
   393                           
   394                           	line	35
   395  0227' E5 03'             	mov	a,?a_main+2+1
   396  0229' B4 02 07           	cbne	a,#low (2),u241
   397  022C' E5 02'             	mov	a,?a_main+2
   398  022E' B4 00 02           	cbne	a,#high (2),u241
   399  0231' 80 02              	jmp	u240
   400  0233'                    u241:
   401  0233' 80 09              	jmp	l32
   402  0235'                    u240:
   403  0235' 75 80 A9           	mov	080h,#169
   404  0238' 75 A0 03           	mov	0A0h,#3
   405  023B' 75 A0 02           	mov	0A0h,#2
   406  023E'                    l32:
   407                           ;main.c: 36: if(k == 1){ P0 = 0xB8; P2 = 0x3; P2
                                  = 0x2;}
   408                           
   409                           	line	36
   410  023E' E5 03'             	mov	a,?a_main+2+1
   411  0240' B4 01 07           	cbne	a,#low (1),u251
   412  0243' E5 02'             	mov	a,?a_main+2
   413  0245' B4 00 02           	cbne	a,#high (1),u251
   414  0248' 80 02              	jmp	u250
   415  024A'                    u251:
   416  024A' 80 09              	jmp	l33
   417  024C'                    u250:
   418  024C' 75 80 B8           	mov	080h,#184
   419  024F' 75 A0 03           	mov	0A0h,#3
   420  0252' 75 A0 02           	mov	0A0h,#2
   421  0255'                    l33:
   422                           ;main.c: 37: k--;
   423                           
   424                           	line	37
   425  0255' E5 03'             	mov	a,?a_main+2+1
   426  0257' 24 FF              	add	a,#low (-01h)
   427  0259' F5 03'             	mov	?a_main+2+1,a
   428  025B' E5 02'             	mov	a,?a_main+2
   429  025D' 34 FF              	addc	a,#high (-01h)
   430  025F' F5 02'             	mov	?a_main+2,a
   431                           	line	38
   432  0261'                    l6:
   433                           	line	10
   434  0261' E5 03'             	mov	a,?a_main+2+1
   435  0263' 45 02'             	orl	a,?a_main+2
   436  0265' 70 02              	bnz	u261
   437  0267' 80 03              	jmp	u260
   438  0269'                    u261:
   439  0269' 02 0016'           	jmp	l7
   440  026C'                    u260:
   441  026C'                    l8:
   442                           ;main.c: 38: }
   443                           
   444                           ;main.c: 40: if (32 == i++) i = 0;
   445                           
   446                           	line	40
   447  026C' E5 01'             	mov	a,?a_main+0+1
   448  026E' FD                 	mov	r5,a
   449  026F' 24 01              	add	a,#low (01h)
   450  0271' F5 01'             	mov	?a_main+0+1,a
   451  0273' E5 00'             	mov	a,?a_main+0
   452  0275' FC                 	mov	r4,a
   453  0276' 34 00              	addc	a,#high (01h)
   454  0278' F5 00'             	mov	?a_main+0,a
   455  027A' BD 20 05           	cbne	r5,#low (32),u271
   456  027D' BC 00 02           	cbne	r4,#high (32),u271
   457  0280' 80 02              	jmp	u270
   458  0282'                    u271:
   459  0282' 80 05              	jmp	l34
   460  0284'                    u270:
   461  0284' E4                 	clr	a
   462  0285' F5 00'             	mov	?a_main+0,a
   463  0287' F5 01'             	mov	?a_main+0+1,a
   464  0289'                    l34:
   465                           ;main.c: 42: P0 = 0x01;
   466                           
   467                           	line	42
   468  0289' 75 80 01           	mov	080h,#1
   469                           ;main.c: 43: P2 = 0x1;
   470                           
   471                           	line	43
   472  028C' 75 A0 01           	mov	0A0h,#1
   473                           ;main.c: 44: P2 = 0x0;
   474                           
   475                           	line	44
   476  028F' 75 A0 00           	mov	0A0h,#0
   477                           	line	46
   478  0292'                    l3:
   479                           	line	6
   480  0292' 02 000D'           	jmp	l4
   481  0295'                    l5:
   482                           ;main.c: 46: }
   483                           
   484                           ;main.c: 47: }
   485                           
   486                           	line	47
   487  0295'                    l2:
   488  0295' 22                 	ret
   489  0296'                    f1411:
   490  0296' 02 0003'           	j	f1410
   491                           	FNSIZE	_main,4,0
   492                           	global	?a_main
   493  0000                     f1412	equ	0
   494  0000                     _A10	equ	162
   495  0000                     _A11	equ	163
   496  0000                     _A12	equ	164
   497  0000                     _A13	equ	165
   498  0000                     _A14	equ	166
   499  0000                     _A15	equ	167
   500  0000                     _A8	equ	160
   501  0000                     _A9	equ	161
   502  0000                     _AC	equ	214
   503  0000                     _ACC0	equ	224
   504  0000                     _ACC1	equ	225
   505  0000                     _ACC2	equ	226
   506  0000                     _ACC3	equ	227
   507  0000                     _ACC4	equ	228
   508  0000                     _ACC5	equ	229
   509  0000                     _ACC6	equ	230
   510  0000                     _ACC7	equ	231
   511  0000                     _AD0	equ	128
   512  0000                     _AD1	equ	129
   513  0000                     _AD2	equ	130
   514  0000                     _AD3	equ	131
   515  0000                     _AD4	equ	132
   516  0000                     _AD5	equ	133
   517  0000                     _AD6	equ	134
   518  0000                     _AD7	equ	135
   519  0000                     _B0	equ	240
   520  0000                     _B1	equ	241
   521  0000                     _B2	equ	242
   522  0000                     _B3	equ	243
   523+ 0000                     _B4	equ	244
   524+ 0000                     _B5	equ	245
   525  0000                     _B6	equ	246
   526  0000                     _B7	equ	247
   527  0000                     _CY	equ	215
   528  0000                     _EA	equ	175
   529  0000                     _ES	equ	172
   530  0000                     _ET0	equ	169
   531  0000                     _ET1	equ	171
   532  0000                     _EX0	equ	168
   533  0000                     _EX1	equ	170
   534  0000                     _F0	equ	213
   535  0000                     _IE0	equ	137
   536  0000                     _IE1	equ	139
   537  0000                     _INT0	equ	178
   538  0000                     _INT1	equ	179
   539  0000                     _IT0	equ	136
   540  0000                     _IT1	equ	138
   541  0000                     _OV	equ	210
   542  0000                     _P	equ	208
   543  0000                     _P00	equ	128
   544  0000                     _P01	equ	129
   545  0000                     _P02	equ	130
   546  0000                     _P03	equ	131
   547  0000                     _P04	equ	132
   548  0000                     _P05	equ	133
   549  0000                     _P06	equ	134
   550  0000                     _P07	equ	135
   551  0000                     _P10	equ	144
   552  0000                     _P11	equ	145
   553  0000                     _P12	equ	146
   554  0000                     _P13	equ	147
   555  0000                     _P14	equ	148
   556  0000                     _P15	equ	149
   557  0000                     _P16	equ	150
   558  0000                     _P17	equ	151
   559  0000                     _P20	equ	160
   560  0000                     _P21	equ	161
   561  0000                     _P22	equ	162
   562  0000                     _P23	equ	163
   563  0000                     _P24	equ	164
   564  0000                     _P25	equ	165
   565  0000                     _P26	equ	166
   566  0000                     _P27	equ	167
   567  0000                     _P30	equ	176
   568  0000                     _P31	equ	177
   569  0000                     _P32	equ	178
   570  0000                     _P33	equ	179
   571  0000                     _P34	equ	180
   572  0000                     _P35	equ	181
   573  0000                     _P36	equ	182
   574  0000                     _P37	equ	183
   575  0000                     _PS	equ	188
   576  0000                     _PT0	equ	185
   577  0000                     _PT1	equ	187
   578  0000                     _PX0	equ	184
   579  0000                     _PX1	equ	186
   580  0000                     _RB8	equ	154
   581  0000                     _RD	equ	183
   582  0000                     _REN	equ	156
   583  0000                     _RI	equ	152
   584  0000                     _RS0	equ	211
   585  0000                     _RS1	equ	212
   586  0000                     _RXD	equ	176
   587  0000                     _SM0	equ	159
   588  0000                     _SM1	equ	158
   589  0000                     _SM2	equ	157
   590  0000                     _T0	equ	180
   591  0000                     _T1	equ	181
   592  0000                     _TB8	equ	155
   593  0000                     _TF0	equ	141
   594  0000                     _TF1	equ	143
   595  0000                     _TI	equ	153
   596  0000                     _TR0	equ	140
   597  0000                     _TR1	equ	142
   598  0000                     _TXD	equ	177
   599  0000                     _WR	equ	182
   600  0000                     _ACC	equ	224
   601  0000                     _B	equ	240
   602  0000                     _DPH	equ	131
   603  0000                     _DPL	equ	130
   604  0000                     _IE	equ	168
   605  0000                     _IP	equ	184
   606  0000                     _P0	equ	128
   607  0000                     _P1	equ	144
   608  0000                     _P2	equ	160
   609  0000                     _P3	equ	176
   610  0000                     _PCON	equ	135
   611  0000                     _PSW	equ	208
   612  0000                     _SBUF	equ	153
   613  0000                     _SCON	equ	152
   614  0000                     _SP	equ	129
   615  0000                     _TCON	equ	136
   616  0000                     _TH0	equ	140
   617  0000                     _TH1	equ	141
   618  0000                     _TL0	equ	138
   619  0000                     _TL1	equ	139
   620  0000                     _TMOD	equ	137
   621  0000                     _ACC_BITS	equ	224
   622  0000                     _B_BITS	equ	240
   623  0000                     _IE_BITS	equ	168
   624  0000                     _IP_BITS	equ	184
   625  0000                     _P0_BITS	equ	128
   626  0000                     _P1_BITS	equ	144
   627  0000                     _P2_BITS	equ	160
   628  0000                     _P3_BITS	equ	176
   629  0000                     _PCON_BITS	equ	135
   630  0000                     _PSW_BITS	equ	208
   631  0000                     _SCON_BITS	equ	152
   632  0000                     _TCON_BITS	equ	136
   633  0000                     _TMOD_BITS	equ	137


HI-TECH Software 8051 Macro Assembler V9.60                                Page 2
Symbol Table                                           Tue Mar 21 13:26:50 2023

       ?a_main 00000*             _B 000F0              l2 00295  
            l3 00292              l4 0000D              l5 00295  
            _P 000D0              l6 00261              l7 00016  
            l8 0026C              l9 0002D             _B0 000F0  
           _B1 000F1             _B2 000F2             _B3 000F3  
           _B4 000F4             _B5 000F5             _B6 000F6  
           _A8 000A0             _B7 000F7             _A9 000A1  
           _F0 000D5             _AC 000D6             l10 00044  
           l11 0005B             l20 0012A             l12 00072  
           l21 00141             l13 00089             l30 00210  
           l22 00158             l14 000A0             _EA 000AF  
           l31 00227             l23 0016F             l15 000B7  
           l32 0023E             l24 00186             l16 000CE  
           l33 00255             l25 0019D             l17 000E5  
           l34 00289             l26 001B4             l18 000FC  
           l27 001CB             l19 00113             _P0 00080  
           l28 001E2             _P1 00090             l29 001F9  
           _P2 000A0             _P3 000B0             _IE 000A8  
           _T0 000B4             _T1 000B5             _ES 000AC  
           _CY 000D7             _IP 000B8             _RD 000B7  
           u10 00024             u11 00022             u20 0003B  
           _RI 00098             u21 00039             u30 00052  
           u31 00050             u40 00069             _TI 00099  
           u41 00067             u50 00080             _PS 000BC  
           u51 0007E             _OV 000D2             u60 00097  
           u61 00095             _SP 00081             u70 000AE  
           u71 000AC             u80 000C5             u81 000C3  
           u90 000DC             u91 000DA             _WR 000B6  
       _B_BITS 000F0            _A10 000A2            _A11 000A3  
          _A12 000A4            _A13 000A5            _A14 000A6  
          _A15 000A7            _AD0 00080            _AD1 00081  
          _AD2 00082            _AD3 00083            _AD4 00084  
          _AD5 00085            _AD6 00086            _AD7 00087  
          _ACC 000E0            _P00 00080            _P01 00081  
          _P10 00090            _P02 00082            _P11 00091  
          _P03 00083            _P20 000A0            _P12 00092  
          _P04 00084            _P21 000A1            _P13 00093  
          _P05 00085            _P30 000B0            _P22 000A2  
          _P14 00094            _P06 00086            _P31 000B1  
          _P23 000A3            _P15 00095            _P07 00087  
          _P32 000B2            _P24 000A4            _P16 00096  
          _P33 000B3            _P25 000A5            _P17 00097  
          _P34 000B4            _P26 000A6            _P35 000B5  
          _P27 000A7            _P36 000B6            _P37 000B7  
          _IE0 00089            _IE1 0008B            _ET0 000A9  
          _ET1 000AB            _EX0 000A8            _EX1 000AA  
          _DPH 00083            _DPL 00082            _IT0 00088  
          _IT1 0008A            _RB8 0009A            u100 000F3  
          u101 000F1            u110 0010A            u111 00108  
          u200 001D9            u120 00121            u201 001D7  
          u121 0011F            u210 001F0            u130 00138  
          u211 001EE            u131 00136            _TF0 0008D  
          _TB8 0009B            u220 00207            u140 0014F  
          _TF1 0008F            u221 00205            u141 0014D  
          u230 0021E            u150 00166            u231 0021C  
          u151 00164            _TH0 0008C            u240 00235  
          u160 0017D            _TH1 0008D            u241 00233  
          u161 0017B            u250 0024C            u170 00194  
          u251 0024A            u171 00192            u260 0026C  
          u180 001AB            u261 00269            u181 001A9  
          _SM0 0009F            u270 00284            u190 001C2  
          _SM1 0009E            u271 00282            u191 001C0  
          _TL0 0008A            _SM2 0009D            _PT0 000B9  
          _TL1 0008B            _PT1 000BB            _RS0 000D3  
          _RS1 000D4            _REN 0009C            _PX0 000B8  
          _PX1 000BA            _TR0 0008C            _TR1 0008E  
          _RXD 000B0            _PSW 000D0            _TXD 000B1  
      _P0_BITS 00080        _P1_BITS 00090        _P2_BITS 000A0  
      _P3_BITS 000B0        _IE_BITS 000A8       _ACC_BITS 000E0  
      _IP_BITS 000B8           f1410 00003           f1411 00296  
         f1412 00000           _ACC0 000E0           _ACC1 000E1  
         _ACC2 000E2           _ACC3 000E3           _ACC4 000E4  
         _ACC5 000E5           _ACC6 000E6           _ACC7 000E7  
stack_internal 00000*          _INT0 000B2           _INT1 000B3  
         _PCON 00087           _SCON 00098           _SBUF 00099  
         _TCON 00088           _TMOD 00089           _main 00000  
     _PSW_BITS 000D0      _PCON_BITS 00087      _SCON_BITS 00098  
    _TCON_BITS 00088      _TMOD_BITS 00089  
